
======================================================
[Mon 08/17/2026 14:47:13.69] Iniciando start.bat
[Mon 08/17/2026 14:47:13.70] Verificando node_modules do backend...

======================================================
[Mon 08/17/2026 14:53:12.51] Iniciando start.bat
[Mon 08/17/2026 14:53:12.53] Verificando node_modules do backend...

======================================================
[Mon 08/17/2026 14:53:24.59] Iniciando start.bat
[Mon 08/17/2026 14:53:24.60] Verificando node_modules do backend...

======================================================
[Mon 08/17/2026 14:57:37.41] Iniciando start.bat
[Mon 08/17/2026 14:57:37.42] Verificando node_modules do backend...

======================================================
[Mon 08/17/2026 15:01:39.49] Iniciando start.bat
[Mon 08/17/2026 15:01:39.50] Verificando node_modules do backend...
[Mon 08/17/2026 15:01:39.50] Backend: node_modules ja existe, pulando install.
[Mon 08/17/2026 15:01:39.51] Verificando node_modules do frontend...
[Mon 08/17/2026 15:01:39.52] Frontend: node_modules ja existe, pulando install.
[Mon 08/17/2026 15:01:39.54] Verificando se o InfluxDB ja esta rodando na porta 8181...
[Mon 08/17/2026 15:01:39.61] Iniciando InfluxDB - C:\influxdb3\influxdb3.exe...
[Mon 08/17/2026 15:01:39.61] Aguardando 5s o InfluxDB subir...
[Mon 08/17/2026 15:01:39.61] Espera de 5s concluida, seguindo em frente.
[Mon 08/17/2026 15:01:44.19] Verificando venv do plc-service...
[Mon 08/17/2026 15:01:44.19] AVISO: plc-service\venv nao encontrado. Pipeline PLC -> InfluxDB NAO foi iniciado.
[Mon 08/17/2026 15:01:44.20] Iniciando backend (npm start)...
[Mon 08/17/2026 15:01:44.22] Iniciando frontend (npm run dev)...
[Mon 08/17/2026 15:01:44.23] Aguardando 6s o frontend subir...
[Mon 08/17/2026 15:01:50.21] Abrindo o navegador em http://localhost:3000 ...
[Mon 08/17/2026 15:01:50.60] start.bat concluido.

======================================================
[Mon 08/17/2026 15:05:17.47] Iniciando start.bat
[Mon 08/17/2026 15:05:17.48] Verificando node_modules do backend...
[Mon 08/17/2026 15:05:17.49] Backend: node_modules ja existe, pulando install.
[Mon 08/17/2026 15:05:17.50] Verificando node_modules do frontend...
[Mon 08/17/2026 15:05:17.50] Frontend: node_modules ja existe, pulando install.
[Mon 08/17/2026 15:05:17.52] Verificando se o InfluxDB ja esta rodando na porta 8181...
[Mon 08/17/2026 15:05:17.58] Iniciando InfluxDB - C:\influxdb3\influxdb3.exe...
[Mon 08/17/2026 15:05:17.58] Aguardando 5s o InfluxDB subir...
[Mon 08/17/2026 15:05:17.58] Espera de 5s concluida, seguindo em frente.
[Mon 08/17/2026 15:05:22.13] Verificando venv do plc-service...

======================================================
[Mon 08/17/2026 15:06:12.47] Iniciando start.bat
[Mon 08/17/2026 15:06:12.48] Verificando node_modules do backend...
[Mon 08/17/2026 15:06:12.49] Backend: node_modules ja existe, pulando install.
[Mon 08/17/2026 15:06:12.50] Verificando node_modules do frontend...
[Mon 08/17/2026 15:06:12.50] Frontend: node_modules ja existe, pulando install.
[Mon 08/17/2026 15:06:12.51] Verificando se o InfluxDB ja esta rodando na porta 8181...
[Mon 08/17/2026 15:06:12.58] Iniciando InfluxDB - C:\influxdb3\influxdb3.exe...
[Mon 08/17/2026 15:06:12.58] Aguardando 5s o InfluxDB subir...
[Mon 08/17/2026 15:06:12.58] Espera de 5s concluida, seguindo em frente.
[Mon 08/17/2026 15:06:17.13] Verificando venv do plc-service...
[Mon 08/17/2026 15:06:17.14] AVISO: plc-service\venv nao encontrado. Pipeline PLC -> InfluxDB NAO foi iniciado.
[Mon 08/17/2026 15:06:48.66] Iniciando backend (npm start)...
[Mon 08/17/2026 15:06:48.68] Iniciando frontend (npm run dev)...
[Mon 08/17/2026 15:06:48.70] Aguardando 6s o frontend subir...

======================================================
[Mon 08/17/2026 15:07:45.09] Iniciando start.bat
[Mon 08/17/2026 15:07:45.11] Verificando node_modules do backend...
[Mon 08/17/2026 15:07:45.11] Backend: node_modules ja existe, pulando install.
[Mon 08/17/2026 15:07:45.12] Verificando node_modules do frontend...
[Mon 08/17/2026 15:07:45.13] Frontend: node_modules ja existe, pulando install.
[Mon 08/17/2026 15:07:45.14] Verificando se o InfluxDB ja esta rodando na porta 8181...
[Mon 08/17/2026 15:07:45.21] Iniciando InfluxDB - C:\influxdb3\influxdb3.exe...
[Mon 08/17/2026 15:07:45.21] Aguardando 5s o InfluxDB subir...
[Mon 08/17/2026 15:07:45.21] Espera de 5s concluida, seguindo em frente.
[Mon 08/17/2026 15:07:50.20] Verificando venv do plc-service...

======================================================
[Mon 08/17/2026 15:11:13.92] Iniciando start.bat
[Mon 08/17/2026 15:11:13.93] Verificando node_modules do backend...
[Mon 08/17/2026 15:11:13.94] Backend: node_modules ja existe, pulando install.
[Mon 08/17/2026 15:11:13.95] Verificando node_modules do frontend...
[Mon 08/17/2026 15:11:13.96] Frontend: node_modules ja existe, pulando install.
[Mon 08/17/2026 15:11:13.97] Verificando se o InfluxDB ja esta rodando na porta 8181...
[Mon 08/17/2026 15:11:14.03] Iniciando InfluxDB - C:\influxdb3\influxdb3.exe...
[Mon 08/17/2026 15:11:14.03] Aguardando 5s o InfluxDB subir...
[Mon 08/17/2026 15:11:14.03] Espera de 5s concluida, seguindo em frente.
[Mon 08/17/2026 15:11:19.12] Verificando venv do plc-service...

======================================================
[Mon 08/17/2026 15:13:13.11] Iniciando start.bat
[Mon 08/17/2026 15:13:13.12] Verificando node_modules do backend...
[Mon 08/17/2026 15:13:13.13] Backend: node_modules ja existe, pulando install.
[Mon 08/17/2026 15:13:13.13] Verificando node_modules do frontend...
[Mon 08/17/2026 15:13:13.14] Frontend: node_modules ja existe, pulando install.
[Mon 08/17/2026 15:13:13.16] Verificando se o InfluxDB ja esta rodando na porta 8181...
[Mon 08/17/2026 15:13:13.22] Iniciando InfluxDB - C:\influxdb3\influxdb3.exe...
[Mon 08/17/2026 15:13:13.22] Aguardando 5s o InfluxDB subir...
[Mon 08/17/2026 15:13:13.22] Espera de 5s concluida, seguindo em frente.
[Mon 08/17/2026 15:13:18.22] Verificando venv do plc-service...
[Mon 08/17/2026 15:13:18.23] Iniciando pipeline PLC -> InfluxDB...
[Mon 08/17/2026 15:13:18.23] Iniciando icone de status na bandeja...
[Mon 08/17/2026 15:15:13.26] Iniciando backend (npm start)...
[Mon 08/17/2026 15:15:13.27] Iniciando frontend (npm run dev)...
[Mon 08/17/2026 15:15:13.29] Aguardando 6s o frontend subir...
[Mon 08/17/2026 15:15:19.19] Abrindo o navegador em http://localhost:3000 ...
[Mon 08/17/2026 15:15:19.53] start.bat concluido.

======================================================
[Mon 08/17/2026 15:16:56.60] Iniciando start.bat
[Mon 08/17/2026 15:16:56.61] Verificando node_modules do backend...
[Mon 08/17/2026 15:16:56.62] Backend: node_modules ja existe, pulando install.
[Mon 08/17/2026 15:16:56.63] Verificando node_modules do frontend...
[Mon 08/17/2026 15:16:56.64] Frontend: node_modules ja existe, pulando install.
[Mon 08/17/2026 15:16:56.65] Verificando se o InfluxDB ja esta rodando na porta 8181...
[Mon 08/17/2026 15:16:56.71] Iniciando InfluxDB - C:\influxdb3\influxdb3.exe...
[Mon 08/17/2026 15:16:56.71] Aguardando 5s o InfluxDB subir...
[Mon 08/17/2026 15:16:56.71] Espera de 5s concluida, seguindo em frente.
[Mon 08/17/2026 15:17:01.17] Verificando venv do plc-service...
[Mon 08/17/2026 15:17:01.17] Iniciando pipeline PLC -> InfluxDB...
[Mon 08/17/2026 15:17:01.18] Iniciando icone de status na bandeja...
[Mon 08/17/2026 15:17:01.20] Iniciando backend (npm start)...
[Mon 08/17/2026 15:17:01.22] Iniciando frontend (npm run dev)...
[Mon 08/17/2026 15:17:01.24] Aguardando 6s o frontend subir...
[Mon 08/17/2026 15:17:07.15] Abrindo o navegador em http://localhost:3000 ...
[Mon 08/17/2026 15:17:07.48] start.bat concluido.

======================================================
[Mon 08/17/2026 15:52:25.06] Iniciando start.bat
[Mon 08/17/2026 15:52:25.07] Verificando node_modules do backend...
[Mon 08/17/2026 15:52:25.08] Backend: node_modules ja existe, pulando install.
[Mon 08/17/2026 15:52:25.09] Verificando node_modules do frontend...
[Mon 08/17/2026 15:52:25.10] Frontend: node_modules ja existe, pulando install.
[Mon 08/17/2026 15:52:25.11] Verificando se o InfluxDB ja esta rodando na porta 8181...
[Mon 08/17/2026 15:52:25.19] Iniciando InfluxDB - C:\influxdb3\influxdb3.exe...
[Mon 08/17/2026 15:52:25.19] Aguardando 5s o InfluxDB subir...
[Mon 08/17/2026 15:52:25.19] Espera de 5s concluida, seguindo em frente.
[Mon 08/17/2026 15:52:30.17] Verificando venv do plc-service...
[Mon 08/17/2026 15:52:30.18] Iniciando pipeline PLC -> InfluxDB...
[Mon 08/17/2026 15:52:30.18] Iniciando icone de status na bandeja...
[Mon 08/17/2026 15:52:30.22] Iniciando backend (npm start)...
[Mon 08/17/2026 15:52:30.24] Iniciando frontend (npm run dev)...
[Mon 08/17/2026 15:52:30.26] Aguardando 6s o frontend subir...
[Mon 08/17/2026 15:52:36.12] Abrindo o navegador em http://localhost:3000 ...
[Mon 08/17/2026 15:52:36.48] start.bat concluido.

======================================================
[Mon 08/17/2026 15:55:48.17] Iniciando start.bat
[Mon 08/17/2026 15:55:48.19] Verificando node_modules do backend...
[Mon 08/17/2026 15:55:48.19] Backend: node_modules ja existe, pulando install.
[Mon 08/17/2026 15:55:48.20] Verificando node_modules do frontend...
[Mon 08/17/2026 15:55:48.21] Frontend: node_modules ja existe, pulando install.
[Mon 08/17/2026 15:55:48.22] Verificando se o InfluxDB ja esta rodando na porta 8181...
[Mon 08/17/2026 15:55:48.28] Iniciando InfluxDB - C:\influxdb3\influxdb3.exe...
[Mon 08/17/2026 15:55:48.28] Aguardando 5s o InfluxDB subir...
[Mon 08/17/2026 15:55:48.28] Espera de 5s concluida, seguindo em frente.
[Mon 08/17/2026 15:55:53.16] Verificando venv do plc-service...
[Mon 08/17/2026 15:55:53.17] Iniciando pipeline PLC -> InfluxDB...
[Mon 08/17/2026 15:55:53.17] Iniciando icone de status na bandeja...
[Mon 08/17/2026 15:55:53.20] Iniciando backend (npm start)...
[Mon 08/17/2026 15:55:53.21] Iniciando frontend (npm run dev)...
[Mon 08/17/2026 15:55:53.24] Aguardando 6s o frontend subir...
[Mon 08/17/2026 15:55:59.19] Abrindo o navegador em http://localhost:3000 ...
[Mon 08/17/2026 15:55:59.52] start.bat concluido.

======================================================
[Mon 08/17/2026 16:04:00.49] Iniciando start.bat
[Mon 08/17/2026 16:04:00.51] Verificando node_modules do backend...
[Mon 08/17/2026 16:04:00.51] Backend: node_modules ja existe, pulando install.
[Mon 08/17/2026 16:04:00.52] Verificando node_modules do frontend...
[Mon 08/17/2026 16:04:00.53] Frontend: node_modules ja existe, pulando install.
[Mon 08/17/2026 16:04:00.55] Verificando se o InfluxDB ja esta rodando na porta 8181...
[Mon 08/17/2026 16:04:00.62] Iniciando InfluxDB - C:\influxdb3\influxdb3.exe...
[Mon 08/17/2026 16:04:00.62] Aguardando 5s o InfluxDB subir...
[Mon 08/17/2026 16:04:00.62] Espera de 5s concluida, seguindo em frente.
[Mon 08/17/2026 16:04:05.20] Verificando venv do plc-service...
[Mon 08/17/2026 16:04:05.21] Iniciando pipeline PLC -> InfluxDB...
[Mon 08/17/2026 16:04:05.21] Iniciando icone de status na bandeja...
[Mon 08/17/2026 16:04:05.23] Iniciando backend (npm start)...
[Mon 08/17/2026 16:04:05.25] Iniciando frontend (npm run dev)...
[Mon 08/17/2026 16:04:05.26] Aguardando 6s o frontend subir...
[Mon 08/17/2026 16:04:11.14] Abrindo o navegador em http://localhost:3000 ...
[Mon 08/17/2026 16:04:11.46] start.bat concluido.

======================================================
[Mon 08/17/2026 16:10:54.36] Iniciando start.bat
[Mon 08/17/2026 16:10:54.38] Verificando node_modules do backend...
[Mon 08/17/2026 16:10:54.38] Backend: node_modules ja existe, pulando install.
[Mon 08/17/2026 16:10:54.39] Verificando node_modules do frontend...
[Mon 08/17/2026 16:10:54.40] Frontend: node_modules ja existe, pulando install.
[Mon 08/17/2026 16:10:54.41] Verificando se o InfluxDB ja esta rodando na porta 8181...
[Mon 08/17/2026 16:10:54.48] Iniciando InfluxDB - C:\influxdb3\influxdb3.exe...
[Mon 08/17/2026 16:10:54.48] Aguardando 5s o InfluxDB subir...
[Mon 08/17/2026 16:10:54.48] Espera de 5s concluida, seguindo em frente.
[Mon 08/17/2026 16:10:59.15] Verificando venv do plc-service...
[Mon 08/17/2026 16:10:59.16] Iniciando pipeline PLC -> InfluxDB...
[Mon 08/17/2026 16:10:59.16] Iniciando icone de status na bandeja...
[Mon 08/17/2026 16:10:59.19] Iniciando backend (npm start)...
[Mon 08/17/2026 16:10:59.21] Iniciando frontend (npm run dev)...
[Mon 08/17/2026 16:10:59.23] Aguardando 6s o frontend subir...
[Mon 08/17/2026 16:11:05.19] Abrindo o navegador em http://localhost:3000 ...
[Mon 08/17/2026 16:11:05.50] start.bat concluido.

======================================================
[Mon 08/17/2026 16:14:57.30] Iniciando start.bat
[Mon 08/17/2026 16:14:57.32] Verificando node_modules do backend...
[Mon 08/17/2026 16:14:57.32] Backend: node_modules ja existe, pulando install.
[Mon 08/17/2026 16:14:57.33] Verificando node_modules do frontend...
[Mon 08/17/2026 16:14:57.34] Frontend: node_modules ja existe, pulando install.
[Mon 08/17/2026 16:14:57.35] Verificando se o InfluxDB ja esta rodando na porta 8181...
[Mon 08/17/2026 16:14:57.41] Iniciando InfluxDB - C:\influxdb3\influxdb3.exe...
[Mon 08/17/2026 16:14:57.41] Aguardando 5s o InfluxDB subir...
[Mon 08/17/2026 16:14:57.41] Espera de 5s concluida, seguindo em frente.
[Mon 08/17/2026 16:15:02.20] Verificando venv do plc-service...
[Mon 08/17/2026 16:15:02.21] Iniciando pipeline PLC -> InfluxDB...
[Mon 08/17/2026 16:15:02.21] Iniciando icone de status na bandeja...
[Mon 08/17/2026 16:15:02.23] Iniciando backend (npm start)...
[Mon 08/17/2026 16:15:02.25] Iniciando frontend (npm run dev)...
[Mon 08/17/2026 16:15:02.26] Aguardando 6s o frontend subir...
[Mon 08/17/2026 16:15:08.14] Abrindo o navegador em http://localhost:3000 ...
[Mon 08/17/2026 16:15:08.46] start.bat concluido.

======================================================
[Mon 08/17/2026 16:18:36.68] Iniciando start.bat
[Mon 08/17/2026 16:18:36.70] Verificando node_modules do backend...
[Mon 08/17/2026 16:18:36.70] Backend: node_modules ja existe, pulando install.
[Mon 08/17/2026 16:18:36.71] Verificando node_modules do frontend...
[Mon 08/17/2026 16:18:36.72] Frontend: node_modules ja existe, pulando install.
[Mon 08/17/2026 16:18:36.73] Verificando se o InfluxDB ja esta rodando na porta 8181...
[Mon 08/17/2026 16:18:36.79] Iniciando InfluxDB - C:\influxdb3\influxdb3.exe...
[Mon 08/17/2026 16:18:36.79] Aguardando 5s o InfluxDB subir...
[Mon 08/17/2026 16:18:36.79] Espera de 5s concluida, seguindo em frente.
[Mon 08/17/2026 16:18:41.20] Verificando venv do plc-service...
[Mon 08/17/2026 16:18:41.20] Iniciando pipeline PLC -> InfluxDB...
[Mon 08/17/2026 16:18:41.20] Iniciando icone de status na bandeja...
[Mon 08/17/2026 16:18:41.23] Iniciando backend (npm start)...
[Mon 08/17/2026 16:18:41.25] Iniciando frontend (npm run dev)...
[Mon 08/17/2026 16:18:41.27] Aguardando 6s o frontend subir...
[Mon 08/17/2026 16:18:47.20] Abrindo o navegador em http://localhost:3000 ...
[Mon 08/17/2026 16:18:47.52] start.bat concluido.

======================================================
[Mon 08/17/2026 16:23:23.02] Iniciando start.bat
[Mon 08/17/2026 16:23:23.04] Verificando node_modules do backend...
[Mon 08/17/2026 16:23:23.04] Backend: node_modules ja existe, pulando install.
[Mon 08/17/2026 16:23:23.06] Verificando node_modules do frontend...
[Mon 08/17/2026 16:23:23.07] Frontend: node_modules ja existe, pulando install.
[Mon 08/17/2026 16:23:23.08] Verificando se o InfluxDB ja esta rodando na porta 8181...
[Mon 08/17/2026 16:23:23.14] Iniciando InfluxDB - C:\influxdb3\influxdb3.exe...
[Mon 08/17/2026 16:23:23.14] Aguardando 5s o InfluxDB subir...
[Mon 08/17/2026 16:23:23.14] Espera de 5s concluida, seguindo em frente.
[Mon 08/17/2026 16:23:28.12] Verificando venv do plc-service...
[Mon 08/17/2026 16:23:28.13] Iniciando pipeline PLC -> InfluxDB...
[Mon 08/17/2026 16:23:28.13] Iniciando icone de status na bandeja...
[Mon 08/17/2026 16:23:28.15] Iniciando backend (npm start)...
[Mon 08/17/2026 16:23:28.17] Iniciando frontend (npm run dev)...
[Mon 08/17/2026 16:23:28.19] Aguardando 6s o frontend subir...
[Mon 08/17/2026 16:23:34.17] Abrindo o navegador em http://localhost:3000 ...
[Mon 08/17/2026 16:23:34.48] start.bat concluido.

======================================================
[Mon 08/17/2026 16:33:26.33] Iniciando start.bat
[Mon 08/17/2026 16:33:26.35] Verificando node_modules do backend...
[Mon 08/17/2026 16:33:26.35] Backend: node_modules ja existe, pulando install.
[Mon 08/17/2026 16:33:26.36] Verificando node_modules do frontend...
[Mon 08/17/2026 16:33:26.37] Frontend: node_modules ja existe, pulando install.
[Mon 08/17/2026 16:33:26.38] Verificando se o InfluxDB ja esta rodando na porta 8181...
[Mon 08/17/2026 16:33:26.45] Iniciando InfluxDB - C:\influxdb3\influxdb3.exe...
[Mon 08/17/2026 16:33:26.45] Aguardando 5s o InfluxDB subir...
[Mon 08/17/2026 16:33:26.45] Espera de 5s concluida, seguindo em frente.
[Mon 08/17/2026 16:33:31.21] Verificando venv do plc-service...
[Mon 08/17/2026 16:33:31.21] Iniciando pipeline PLC -> InfluxDB...
[Mon 08/17/2026 16:33:31.21] Iniciando icone de status na bandeja...
[Mon 08/17/2026 16:33:31.24] Iniciando backend (npm start)...
[Mon 08/17/2026 16:33:31.25] Iniciando frontend (npm run dev)...
[Mon 08/17/2026 16:33:31.27] Aguardando 6s o frontend subir...
[Mon 08/17/2026 16:33:37.14] Abrindo o navegador em http://localhost:3000 ...
[Mon 08/17/2026 16:33:37.46] start.bat concluido.

======================================================
[Mon 08/17/2026 16:43:56.85] Iniciando start.bat
[Mon 08/17/2026 16:43:56.87] Verificando node_modules do backend...
[Mon 08/17/2026 16:43:56.87] Backend: node_modules ja existe, pulando install.
[Mon 08/17/2026 16:43:56.89] Verificando node_modules do frontend...
[Mon 08/17/2026 16:43:56.90] Frontend: node_modules ja existe, pulando install.
[Mon 08/17/2026 16:43:56.91] Verificando se o InfluxDB ja esta rodando na porta 8181...
[Mon 08/17/2026 16:43:57.03] Iniciando InfluxDB - C:\influxdb3\influxdb3.exe...
[Mon 08/17/2026 16:43:57.03] Aguardando 5s o InfluxDB subir...
[Mon 08/17/2026 16:43:57.03] Espera de 5s concluida, seguindo em frente.
[Mon 08/17/2026 16:44:02.14] Verificando venv do plc-service...
[Mon 08/17/2026 16:44:02.15] Iniciando pipeline PLC -> InfluxDB...
[Mon 08/17/2026 16:44:02.15] Iniciando icone de status na bandeja...
[Mon 08/17/2026 16:44:02.20] Iniciando backend (npm start)...
[Mon 08/17/2026 16:44:02.22] Iniciando frontend (npm run dev)...
[Mon 08/17/2026 16:44:02.24] Aguardando 6s o frontend subir...
[Mon 08/17/2026 16:44:08.13] Abrindo o navegador em http://localhost:3000 ...
[Mon 08/17/2026 16:44:08.72] start.bat concluido.
